

unset SESSION_MANAGER QT_ACCESSIBILITY COLORTERM XDG_CONFIG_DIRS SSH_AGENT_LAUNCHER XDG_SESSION_PATH XDG_MENU_PREFIX GNOME_DESKTOP_SESSION_ID GTK_IM_MODULE LANGUAGE SSH_AUTH_SOCK XMODIFIERS DESKTOP_SESSION FT_HOOK_NAME GTK_MODULES FT_HOOK_PATHNAME KRB5CCNAME LOGNAME XDG_SESSION_DESKTOP XDG_SESSION_TYPE GPG_AGENT_INFO SYSTEMD_EXEC_PID XAUTHORITY Y XDG_GREETER_DATA_DIR GDM_LANG LS_COLORS XDG_CURRENT_DESKTOP VTE_VERSION XDG_SEAT_PATH GNOME_TERMINAL_SCREEN XDG_SESSION_CLASS LIBVIRT_DEFAULT_URI GNOME_TERMINAL_SERVICE DISPLAY SHLVL QT_IM_MODULE XDG_RUNTIME_DIR DOCKER_HOST XDG_DATA_DIRS GDMSESSION DBUS_SESSION_BUS_ADDRESS OLDPWD _


-------------------------------------failed-----------------------------------------------
➜  minishell export Y
➜  minishell env
SHELL=/bin/zsh
PWD=/home/salhali/Desktop/minishill
HOME=/home/salhali
LANG=en_US.UTF-8
TERM=xterm-256color
USER=salhali
PATH=/home/salhali/bin:/usr/local/sbin:/usr/local/bin:/usr/sbin:/usr/bin:/sbin:/bin:/usr/games:/usr/local/games:/snap/bin
_=./minishell
Y
➜  minishell 
------------------------------------------fixed-------------------------------------------------


----------------------------------------------failed-------------------------------

➜  minishell export Y=SALAHEDDINE
➜  minishell env
PATH=/home/salhali/bin:/home/salhali/bin:/usr/local/sbin:/usr/local/bin:/usr/sbin:/usr/bin:/sbin:/bin:/usr/games:/usr/local/games:/snap/bin
HOME=/home/salhali
ZDOTDIR=/home/salhali
INVOCATION_ID=8012a8cafe6646b4afbe6369276bc2e3
TERM_PROGRAM_VERSION=1.95.3
GIT_ASKPASS=/usr/share/code/resources/app/extensions/git/dist/askpass.sh
VSCODE_GIT_ASKPASS_NODE=/usr/share/code/code
TERM_PROGRAM=vscode
VSCODE_INJECTION=1
GIO_LAUNCHED_DESKTOP_FILE_PID=138440
MANAGERPID=137113
GJS_DEBUG_TOPICS=JS ERROR;JS LOG
USER=salhali
JOURNAL_STREAM=8:615669
CHROME_DESKTOP=code.desktop
VSCODE_GIT_ASKPASS_MAIN=/usr/share/code/resources/app/extensions/git/dist/askpass-main.js
GDK_BACKEND=x11
TERM=xterm-256color
LANG=en_US.UTF-8
ORIGINAL_XDG_CURRENT_DESKTOP=ubuntu:GNOME
VSCODE_GIT_IPC_HANDLE=/run/user/102577/vscode-git-94e2546f36.sock
USER_ZDOTDIR=/home/salhali
SHELL=/bin/zsh
GJS_DEBUG_OUTPUT=stderr
GIO_LAUNCHED_DESKTOP_FILE=/usr/share/applications/code.desktop
PWD=/home/salhali/Desktop/minishill
VSCODE_GIT_ASKPASS_EXTRA_ARGS=
Y=
Y=SALAHEDDINE
Y=SALAHEDDINE

---------------------------------------------------------------------------------------